Archive member included to satisfy reference by file (symbol)

f:/st/stm32cubeide_1.10.1/stm32cubeide/plugins/com.st.stm32cube.ide.mcu.externaltools.gnu-tools-for-stm32.10.3-2021.10.win32_1.0.200.202301161003/tools/bin/../lib/gcc/arm-none-eabi/10.3.1/../../../../arm-none-eabi/lib/thumb/v7e-m+fp/hard\libc_nano.a(lib_a-errno.o)
                              ./Core/Src/syscalls.o (__errno)
f:/st/stm32cubeide_1.10.1/stm32cubeide/plugins/com.st.stm32cube.ide.mcu.externaltools.gnu-tools-for-stm32.10.3-2021.10.win32_1.0.200.202301161003/tools/bin/../lib/gcc/arm-none-eabi/10.3.1/../../../../arm-none-eabi/lib/thumb/v7e-m+fp/hard\libc_nano.a(lib_a-exit.o)
                              f:/st/stm32cubeide_1.10.1/stm32cubeide/plugins/com.st.stm32cube.ide.mcu.externaltools.gnu-tools-for-stm32.10.3-2021.10.win32_1.0.200.202301161003/tools/bin/../lib/gcc/arm-none-eabi/10.3.1/../../../../arm-none-eabi/lib/thumb/v7e-m+fp/hard/crt0.o (exit)
f:/st/stm32cubeide_1.10.1/stm32cubeide/plugins/com.st.stm32cube.ide.mcu.externaltools.gnu-tools-for-stm32.10.3-2021.10.win32_1.0.200.202301161003/tools/bin/../lib/gcc/arm-none-eabi/10.3.1/../../../../arm-none-eabi/lib/thumb/v7e-m+fp/hard\libc_nano.a(lib_a-impure.o)
                              f:/st/stm32cubeide_1.10.1/stm32cubeide/plugins/com.st.stm32cube.ide.mcu.externaltools.gnu-tools-for-stm32.10.3-2021.10.win32_1.0.200.202301161003/tools/bin/../lib/gcc/arm-none-eabi/10.3.1/../../../../arm-none-eabi/lib/thumb/v7e-m+fp/hard\libc_nano.a(lib_a-exit.o) (_global_impure_ptr)
f:/st/stm32cubeide_1.10.1/stm32cubeide/plugins/com.st.stm32cube.ide.mcu.externaltools.gnu-tools-for-stm32.10.3-2021.10.win32_1.0.200.202301161003/tools/bin/../lib/gcc/arm-none-eabi/10.3.1/../../../../arm-none-eabi/lib/thumb/v7e-m+fp/hard\libc_nano.a(lib_a-init.o)
                              f:/st/stm32cubeide_1.10.1/stm32cubeide/plugins/com.st.stm32cube.ide.mcu.externaltools.gnu-tools-for-stm32.10.3-2021.10.win32_1.0.200.202301161003/tools/bin/../lib/gcc/arm-none-eabi/10.3.1/../../../../arm-none-eabi/lib/thumb/v7e-m+fp/hard/crt0.o (__libc_init_array)
f:/st/stm32cubeide_1.10.1/stm32cubeide/plugins/com.st.stm32cube.ide.mcu.externaltools.gnu-tools-for-stm32.10.3-2021.10.win32_1.0.200.202301161003/tools/bin/../lib/gcc/arm-none-eabi/10.3.1/../../../../arm-none-eabi/lib/thumb/v7e-m+fp/hard\libc_nano.a(lib_a-memset.o)
                              f:/st/stm32cubeide_1.10.1/stm32cubeide/plugins/com.st.stm32cube.ide.mcu.externaltools.gnu-tools-for-stm32.10.3-2021.10.win32_1.0.200.202301161003/tools/bin/../lib/gcc/arm-none-eabi/10.3.1/../../../../arm-none-eabi/lib/thumb/v7e-m+fp/hard/crt0.o (memset)
f:/st/stm32cubeide_1.10.1/stm32cubeide/plugins/com.st.stm32cube.ide.mcu.externaltools.gnu-tools-for-stm32.10.3-2021.10.win32_1.0.200.202301161003/tools/bin/../lib/gcc/arm-none-eabi/10.3.1/thumb/v7e-m+fp/hard\libgcc.a(_arm_muldf3.o)
                              ./Core/Src/CAN_Communication.o (__aeabi_dmul)
f:/st/stm32cubeide_1.10.1/stm32cubeide/plugins/com.st.stm32cube.ide.mcu.externaltools.gnu-tools-for-stm32.10.3-2021.10.win32_1.0.200.202301161003/tools/bin/../lib/gcc/arm-none-eabi/10.3.1/thumb/v7e-m+fp/hard\libgcc.a(_arm_addsubdf3.o)
                              ./Core/Src/CAN_Communication.o (__aeabi_f2d)
f:/st/stm32cubeide_1.10.1/stm32cubeide/plugins/com.st.stm32cube.ide.mcu.externaltools.gnu-tools-for-stm32.10.3-2021.10.win32_1.0.200.202301161003/tools/bin/../lib/gcc/arm-none-eabi/10.3.1/thumb/v7e-m+fp/hard\libgcc.a(_arm_fixunsdfsi.o)
                              ./Core/Src/CAN_Communication.o (__aeabi_d2uiz)

Discarded input sections

 .text          0x0000000000000000        0x0 f:/st/stm32cubeide_1.10.1/stm32cubeide/plugins/com.st.stm32cube.ide.mcu.externaltools.gnu-tools-for-stm32.10.3-2021.10.win32_1.0.200.202301161003/tools/bin/../lib/gcc/arm-none-eabi/10.3.1/thumb/v7e-m+fp/hard/crti.o
 .data          0x0000000000000000        0x0 f:/st/stm32cubeide_1.10.1/stm32cubeide/plugins/com.st.stm32cube.ide.mcu.externaltools.gnu-tools-for-stm32.10.3-2021.10.win32_1.0.200.202301161003/tools/bin/../lib/gcc/arm-none-eabi/10.3.1/thumb/v7e-m+fp/hard/crti.o
 .bss           0x0000000000000000        0x0 f:/st/stm32cubeide_1.10.1/stm32cubeide/plugins/com.st.stm32cube.ide.mcu.externaltools.gnu-tools-for-stm32.10.3-2021.10.win32_1.0.200.202301161003/tools/bin/../lib/gcc/arm-none-eabi/10.3.1/thumb/v7e-m+fp/hard/crti.o
 .data          0x0000000000000000        0x4 f:/st/stm32cubeide_1.10.1/stm32cubeide/plugins/com.st.stm32cube.ide.mcu.externaltools.gnu-tools-for-stm32.10.3-2021.10.win32_1.0.200.202301161003/tools/bin/../lib/gcc/arm-none-eabi/10.3.1/thumb/v7e-m+fp/hard/crtbegin.o
 .rodata        0x0000000000000000       0x24 f:/st/stm32cubeide_1.10.1/stm32cubeide/plugins/com.st.stm32cube.ide.mcu.externaltools.gnu-tools-for-stm32.10.3-2021.10.win32_1.0.200.202301161003/tools/bin/../lib/gcc/arm-none-eabi/10.3.1/thumb/v7e-m+fp/hard/crtbegin.o
[...]
Memory Configuration

Name             Origin             Length             Attributes
RAM              0x0000000020000000 0x0000000000008000 xrw
FLASH            0x0000000008000000 0x0000000000010000 xr
*default*        0x0000000000000000 0xffffffffffffffff

Linker script and memory map

LOAD f:/st/stm32cubeide_1.10.1/stm32cubeide/plugins/com.st.stm32cube.ide.mcu.externaltools.gnu-tools-for-stm32.10.3-2021.10.win32_1.0.200.202301161003/tools/bin/../lib/gcc/arm-none-eabi/10.3.1/thumb/v7e-m+fp/hard/crti.o
LOAD f:/st/stm32cubeide_1.10.1/stm32cubeide/plugins/com.st.stm32cube.ide.mcu.externaltools.gnu-tools-for-stm32.10.3-2021.10.win32_1.0.200.202301161003/tools/bin/../lib/gcc/arm-none-eabi/10.3.1/thumb/v7e-m+fp/hard/crtbegin.o
LOAD f:/st/stm32cubeide_1.10.1/stm32cubeide/plugins/com.st.stm32cube.ide.mcu.externaltools.gnu-tools-for-stm32.10.3-2021.10.win32_1.0.200.202301161003/tools/bin/../lib/gcc/arm-none-eabi/10.3.1/../../../../arm-none-eabi/lib/thumb/v7e-m+fp/hard/crt0.o
LOAD ./Core/Src/CAN_Communication.o
LOAD ./Core/Src/DALY_communication.o
LOAD ./Core/Src/JLN_Phenix.o
LOAD ./Core/Src/STH_CAN_Simulator.o
LOAD ./Core/Src/TM1723_LCD.o
LOAD ./Core/Src/main.o
LOAD ./Core/Src/stm32g4xx_hal_msp.o
LOAD ./Core/Src/stm32g4xx_it.o
LOAD ./Core/Src/syscalls.o
LOAD ./Core/Src/sysmem.o
LOAD ./Core/Src/system_stm32g4xx.o
LOAD ./Core/Startup/startup_stm32g431c8tx.o
LOAD ./Drivers/STM32G4xx_HAL_Driver/Src/stm32g4xx_hal.o
LOAD ./Drivers/STM32G4xx_HAL_Driver/Src/stm32g4xx_hal_cortex.o
LOAD ./Drivers/STM32G4xx_HAL_Driver/Src/stm32g4xx_hal_dma.o
LOAD ./Drivers/STM32G4xx_HAL_Driver/Src/stm32g4xx_hal_dma_ex.o
LOAD ./Drivers/STM32G4xx_HAL_Driver/Src/stm32g4xx_hal_exti.o
LOAD ./Drivers/STM32G4xx_HAL_Driver/Src/stm32g4xx_hal_fdcan.o
LOAD ./Drivers/STM32G4xx_HAL_Driver/Src/stm32g4xx_hal_flash.o
LOAD ./Drivers/STM32G4xx_HAL_Driver/Src/stm32g4xx_hal_flash_ex.o
LOAD ./Drivers/STM32G4xx_HAL_Driver/Src/stm32g4xx_hal_flash_ramfunc.o
LOAD ./Drivers/STM32G4xx_HAL_Driver/Src/stm32g4xx_hal_gpio.o
LOAD ./Drivers/STM32G4xx_HAL_Driver/Src/stm32g4xx_hal_pwr.o
LOAD ./Drivers/STM32G4xx_HAL_Driver/Src/stm32g4xx_hal_pwr_ex.o
LOAD ./Drivers/STM32G4xx_HAL_Driver/Src/stm32g4xx_hal_rcc.o
LOAD ./Drivers/STM32G4xx_HAL_Driver/Src/stm32g4xx_hal_rcc_ex.o
LOAD ./Drivers/STM32G4xx_HAL_Driver/Src/stm32g4xx_hal_tim.o
LOAD ./Drivers/STM32G4xx_HAL_Driver/Src/stm32g4xx_hal_tim_ex.o
START GROUP
LOAD f:/st/stm32cubeide_1.10.1/stm32cubeide/plugins/com.st.stm32cube.ide.mcu.externaltools.gnu-tools-for-stm32.10.3-2021.10.win32_1.0.200.202301161003/tools/bin/../lib/gcc/arm-none-eabi/10.3.1/../../../../arm-none-eabi/lib/thumb/v7e-m+fp/hard\libc_nano.a
LOAD f:/st/stm32cubeide_1.10.1/stm32cubeide/plugins/com.st.stm32cube.ide.mcu.externaltools.gnu-tools-for-stm32.10.3-2021.10.win32_1.0.200.202301161003/tools/bin/../lib/gcc/arm-none-eabi/10.3.1/../../../../arm-none-eabi/lib/thumb/v7e-m+fp/hard\libm.a
END GROUP
START GROUP
LOAD f:/st/stm32cubeide_1.10.1/stm32cubeide/plugins/com.st.stm32cube.ide.mcu.externaltools.gnu-tools-for-stm32.10.3-2021.10.win32_1.0.200.202301161003/tools/bin/../lib/gcc/arm-none-eabi/10.3.1/thumb/v7e-m+fp/hard\libgcc.a
LOAD f:/st/stm32cubeide_1.10.1/stm32cubeide/plugins/com.st.stm32cube.ide.mcu.externaltools.gnu-tools-for-stm32.10.3-2021.10.win32_1.0.200.202301161003/tools/bin/../lib/gcc/arm-none-eabi/10.3.1/../../../../arm-none-eabi/lib/thumb/v7e-m+fp/hard\libc_nano.a
END GROUP
START GROUP
LOAD f:/st/stm32cubeide_1.10.1/stm32cubeide/plugins/com.st.stm32cube.ide.mcu.externaltools.gnu-tools-for-stm32.10.3-2021.10.win32_1.0.200.202301161003/tools/bin/../lib/gcc/arm-none-eabi/10.3.1/thumb/v7e-m+fp/hard\libgcc.a
LOAD f:/st/stm32cubeide_1.10.1/stm32cubeide/plugins/com.st.stm32cube.ide.mcu.externaltools.gnu-tools-for-stm32.10.3-2021.10.win32_1.0.200.202301161003/tools/bin/../lib/gcc/arm-none-eabi/10.3.1/../../../../arm-none-eabi/lib/thumb/v7e-m+fp/hard\libc_nano.a
LOAD f:/st/stm32cubeide_1.10.1/stm32cubeide/plugins/com.st.stm32cube.ide.mcu.externaltools.gnu-tools-for-stm32.10.3-2021.10.win32_1.0.200.202301161003/tools/bin/../lib/gcc/arm-none-eabi/10.3.1/../../../../arm-none-eabi/lib/thumb/v7e-m+fp/hard\libnosys.a
END GROUP
START GROUP
LOAD f:/st/stm32cubeide_1.10.1/stm32cubeide/plugins/com.st.stm32cube.ide.mcu.externaltools.gnu-tools-for-stm32.10.3-2021.10.win32_1.0.200.202301161003/tools/bin/../lib/gcc/arm-none-eabi/10.3.1/thumb/v7e-m+fp/hard\libgcc.a
LOAD f:/st/stm32cubeide_1.10.1/stm32cubeide/plugins/com.st.stm32cube.ide.mcu.externaltools.gnu-tools-for-stm32.10.3-2021.10.win32_1.0.200.202301161003/tools/bin/../lib/gcc/arm-none-eabi/10.3.1/../../../../arm-none-eabi/lib/thumb/v7e-m+fp/hard\libc_nano.a
LOAD f:/st/stm32cubeide_1.10.1/stm32cubeide/plugins/com.st.stm32cube.ide.mcu.externaltools.gnu-tools-for-stm32.10.3-2021.10.win32_1.0.200.202301161003/tools/bin/../lib/gcc/arm-none-eabi/10.3.1/../../../../arm-none-eabi/lib/thumb/v7e-m+fp/hard\libnosys.a
END GROUP
LOAD f:/st/stm32cubeide_1.10.1/stm32cubeide/plugins/com.st.stm32cube.ide.mcu.externaltools.gnu-tools-for-stm32.10.3-2021.10.win32_1.0.200.202301161003/tools/bin/../lib/gcc/arm-none-eabi/10.3.1/thumb/v7e-m+fp/hard/crtend.o
LOAD f:/st/stm32cubeide_1.10.1/stm32cubeide/plugins/com.st.stm32cube.ide.mcu.externaltools.gnu-tools-for-stm32.10.3-2021.10.win32_1.0.200.202301161003/tools/bin/../lib/gcc/arm-none-eabi/10.3.1/thumb/v7e-m+fp/hard/crtn.o
                0x0000000020008000                _estack = (ORIGIN (RAM) + LENGTH (RAM))
                0x0000000000000200                _Min_Heap_Size = 0x200
                0x0000000000000400                _Min_Stack_Size = 0x400

.isr_vector     0x0000000008000000      0x1d8
                0x0000000008000000                . = ALIGN (0x4)
 *(.isr_vector)
 .isr_vector    0x0000000008000000      0x1d8 ./Core/Startup/startup_stm32g431c8tx.o
                0x0000000008000000                g_pfnVectors
                0x00000000080001d8                . = ALIGN (0x4)

.text           0x00000000080001d8     0x4078
                0x00000000080001d8                . = ALIGN (0x4)
 *(.text)
 .text          0x00000000080001d8       0x40 f:/st/stm32cubeide_1.10.1/stm32cubeide/plugins/com.st.stm32cube.ide.mcu.externaltools.gnu-tools-for-stm32.10.3-2021.10.win32_1.0.200.202301161003/tools/bin/../lib/gcc/arm-none-eabi/10.3.1/thumb/v7e-m+fp/hard/crtbegin.o
 .text          0x0000000008000218      0x254 f:/st/stm32cubeide_1.10.1/stm32cubeide/plugins/com.st.stm32cube.ide.mcu.externaltools.gnu-tools-for-stm32.10.3-2021.10.win32_1.0.200.202301161003/tools/bin/../lib/gcc/arm-none-eabi/10.3.1/thumb/v7e-m+fp/hard\libgcc.a(_arm_muldf3.o)
                0x0000000008000218                __muldf3
                0x0000000008000218                __aeabi_dmul
 .text          0x000000000800046c      0x378 f:/st/stm32cubeide_1.10.1/stm32cubeide/plugins/com.st.stm32cube.ide.mcu.externaltools.gnu-tools-for-stm32.10.3-2021.10.win32_1.0.200.202301161003/tools/bin/../lib/gcc/arm-none-eabi/10.3.1/thumb/v7e-m+fp/hard\libgcc.a(_arm_addsubdf3.o)
                0x000000000800046c                __aeabi_drsub
                0x0000000008000474                __aeabi_dsub
                0x0000000008000474                __subdf3
                0x0000000008000478                __aeabi_dadd
                0x0000000008000478                __adddf3
                0x00000000080006f0                __floatunsidf
                0x00000000080006f0                __aeabi_ui2d
                0x0000000008000710                __floatsidf
                0x0000000008000710                __aeabi_i2d
                0x0000000008000734                __aeabi_f2d
                0x0000000008000734                __extendsfdf2
                0x0000000008000778                __floatundidf
                0x0000000008000778                __aeabi_ul2d
                0x0000000008000788                __floatdidf
                0x0000000008000788                __aeabi_l2d
 .text          0x00000000080007e4       0x40 f:/st/stm32cubeide_1.10.1/stm32cubeide/plugins/com.st.stm32cube.ide.mcu.externaltools.gnu-tools-for-stm32.10.3-2021.10.win32_1.0.200.202301161003/tools/bin/../lib/gcc/arm-none-eabi/10.3.1/thumb/v7e-m+fp/hard\libgcc.a(_arm_fixunsdfsi.o)
                0x00000000080007e4                __aeabi_d2uiz
                0x00000000080007e4                __fixunsdfsi
 *(.text*)
 .text.getCRCJBD
                0x0000000008000824       0x7a ./Core/Src/CAN_Communication.o
                0x0000000008000824                getCRCJBD
 *fill*         0x000000000800089e        0x2 
 .text.JBD_BMS_Communication
                0x00000000080008a0      0x4a0 ./Core/Src/CAN_Communication.o
                0x00000000080008a0                JBD_BMS_Communication
 .text.DALY_BMS_Communication
                0x0000000008000d40      0x614 ./Core/Src/DALY_communication.o
                0x0000000008000d40                DALY_BMS_Communication
 .text.JLN_BMS_Communication
                0x0000000008001354      0x284 ./Core/Src/JLN_Phenix.o
                0x0000000008001354                JLN_BMS_Communication
 .text.STH_BMS_Communication
                0x00000000080015d8      0x374 ./Core/Src/STH_CAN_Simulator.o
                0x00000000080015d8                STH_BMS_Communication
 .text.TM1723_StartComm
                0x000000000800194c       0x32 ./Core/Src/TM1723_LCD.o
 .text.TM1723_StopComm
                0x000000000800197e       0x32 ./Core/Src/TM1723_LCD.o
 .text.TM1723_Transmit
                0x00000000080019b0       0x90 ./Core/Src/TM1723_LCD.o
                0x00000000080019b0                TM1723_Transmit
 .text.TM1723_Receive
                0x0000000008001a40       0x84 ./Core/Src/TM1723_LCD.o
 .text.TM1723_Initialize
                0x0000000008001ac4       0x80 ./Core/Src/TM1723_LCD.o
                0x0000000008001ac4                TM1723_Initialize
 .text.TM1723_Read_Switches
                0x0000000008001b44       0x2a ./Core/Src/TM1723_LCD.o
                0x0000000008001b44                TM1723_Read_Switches
 *fill*         0x0000000008001b6e        0x2 
 .text.TM1723_Update_Screen
                0x0000000008001b70       0x4c ./Core/Src/TM1723_LCD.o
                0x0000000008001b70                TM1723_Update_Screen
 .text.TM1723_Clear_Screen
                0x0000000008001bbc       0x30 ./Core/Src/TM1723_LCD.o
                0x0000000008001bbc                TM1723_Clear_Screen
 .text.Write_7_Segment
                0x0000000008001bec       0x54 ./Core/Src/TM1723_LCD.o
                0x0000000008001bec                Write_7_Segment
 .text.main     0x0000000008001c40      0x300 ./Core/Src/main.o
                0x0000000008001c40                main
 .text.SystemClock_Config
                0x0000000008001f40       0x96 ./Core/Src/main.o
                0x0000000008001f40                SystemClock_Config
 *fill*         0x0000000008001fd6        0x2 
 .text.MX_FDCAN1_Init
                0x0000000008001fd8       0x8c ./Core/Src/main.o
 .text.DALY_MX_FDCAN1_Init
                0x0000000008002064       0x8c ./Core/Src/main.o
 .text.STH_MX_FDCAN1_Init
                0x00000000080020f0       0x8c ./Core/Src/main.o
 .text.MX_GPIO_Init
                0x000000000800217c       0xc8 ./Core/Src/main.o
 .text.Error_Handler
                0x0000000008002244        0xa ./Core/Src/main.o
                0x0000000008002244                Error_Handler
 *fill*         0x000000000800224e        0x2 
 .text.HAL_MspInit
                0x0000000008002250       0x48 ./Core/Src/stm32g4xx_hal_msp.o
                0x0000000008002250                HAL_MspInit
 .text.HAL_FDCAN_MspInit
                0x0000000008002298       0xb4 ./Core/Src/stm32g4xx_hal_msp.o
                0x0000000008002298                HAL_FDCAN_MspInit
 .text.NMI_Handler
                0x000000000800234c        0x6 ./Core/Src/stm32g4xx_it.o
                0x000000000800234c                NMI_Handler
 .text.HardFault_Handler
                0x0000000008002352        0x6 ./Core/Src/stm32g4xx_it.o
                0x0000000008002352                HardFault_Handler
 .text.MemManage_Handler
                0x0000000008002358        0x6 ./Core/Src/stm32g4xx_it.o
                0x0000000008002358                MemManage_Handler
 .text.BusFault_Handler
                0x000000000800235e        0x6 ./Core/Src/stm32g4xx_it.o
                0x000000000800235e                BusFault_Handler
 .text.UsageFault_Handler
                0x0000000008002364        0x6 ./Core/Src/stm32g4xx_it.o
                0x0000000008002364                UsageFault_Handler
 .text.SVC_Handler
                0x000000000800236a        0xe ./Core/Src/stm32g4xx_it.o
                0x000000000800236a                SVC_Handler
 .text.DebugMon_Handler
                0x0000000008002378        0xe ./Core/Src/stm32g4xx_it.o
                0x0000000008002378                DebugMon_Handler
 .text.PendSV_Handler
                0x0000000008002386        0xe ./Core/Src/stm32g4xx_it.o
                0x0000000008002386                PendSV_Handler
 .text.SysTick_Handler
                0x0000000008002394        0xc ./Core/Src/stm32g4xx_it.o
                0x0000000008002394                SysTick_Handler
 .text.SystemInit
                0x00000000080023a0       0x24 ./Core/Src/system_stm32g4xx.o
                0x00000000080023a0                SystemInit
 .text.Reset_Handler
                0x00000000080023c4       0x50 ./Core/Startup/startup_stm32g431c8tx.o
                0x00000000080023c4                Reset_Handler
 .text.Default_Handler
                0x0000000008002414        0x2 ./Core/Startup/startup_stm32g431c8tx.o
                0x0000000008002414                RTC_Alarm_IRQHandler
                0x0000000008002414                EXTI2_IRQHandler
                0x0000000008002414                TIM8_TRG_COM_IRQHandler
                0x0000000008002414                TIM8_CC_IRQHandler
                0x0000000008002414                TIM1_CC_IRQHandler
                0x0000000008002414                USB_HP_IRQHandler
                0x0000000008002414                CORDIC_IRQHandler
                0x0000000008002414                EXTI3_IRQHandler
                0x0000000008002414                I2C3_ER_IRQHandler
                0x0000000008002414                EXTI0_IRQHandler
                0x0000000008002414                I2C2_EV_IRQHandler
                0x0000000008002414                FPU_IRQHandler
                0x0000000008002414                FDCAN1_IT1_IRQHandler
                0x0000000008002414                TIM1_UP_TIM16_IRQHandler
                0x0000000008002414                ADC1_2_IRQHandler
                0x0000000008002414                SPI1_IRQHandler
                0x0000000008002414                TIM6_DAC_IRQHandler
                0x0000000008002414                TIM8_UP_IRQHandler
                0x0000000008002414                DMA2_Channel2_IRQHandler
                0x0000000008002414                DMA1_Channel4_IRQHandler
                0x0000000008002414                USART3_IRQHandler
                0x0000000008002414                TIM4_IRQHandler
                0x0000000008002414                DMA2_Channel1_IRQHandler
                0x0000000008002414                I2C1_EV_IRQHandler
                0x0000000008002414                DMA1_Channel6_IRQHandler
                0x0000000008002414                UART4_IRQHandler
                0x0000000008002414                DMA2_Channel4_IRQHandler
                0x0000000008002414                TIM3_IRQHandler
                0x0000000008002414                RCC_IRQHandler
                0x0000000008002414                DMA1_Channel1_IRQHandler
                0x0000000008002414                Default_Handler
                0x0000000008002414                RTC_TAMP_LSECSS_IRQHandler
                0x0000000008002414                FMAC_IRQHandler
                0x0000000008002414                EXTI15_10_IRQHandler
                0x0000000008002414                TIM7_IRQHandler
                0x0000000008002414                UCPD1_IRQHandler
                0x0000000008002414                I2C3_EV_IRQHandler
                0x0000000008002414                EXTI9_5_IRQHandler
                0x0000000008002414                RTC_WKUP_IRQHandler
                0x0000000008002414                PVD_PVM_IRQHandler
                0x0000000008002414                SPI2_IRQHandler
                0x0000000008002414                DMA2_Channel5_IRQHandler
                0x0000000008002414                CRS_IRQHandler
                0x0000000008002414                DMA1_Channel5_IRQHandler
                0x0000000008002414                USB_LP_IRQHandler
                0x0000000008002414                EXTI4_IRQHandler
                0x0000000008002414                RNG_IRQHandler
                0x0000000008002414                TIM1_TRG_COM_TIM17_IRQHandler
                0x0000000008002414                DMA1_Channel3_IRQHandler
                0x0000000008002414                WWDG_IRQHandler
                0x0000000008002414                LPUART1_IRQHandler
                0x0000000008002414                DMA2_Channel6_IRQHandler
                0x0000000008002414                FDCAN1_IT0_IRQHandler
                0x0000000008002414                TIM2_IRQHandler
                0x0000000008002414                COMP1_2_3_IRQHandler
                0x0000000008002414                EXTI1_IRQHandler
                0x0000000008002414                USART2_IRQHandler
                0x0000000008002414                I2C2_ER_IRQHandler
                0x0000000008002414                DMA1_Channel2_IRQHandler
                0x0000000008002414                TIM8_BRK_IRQHandler
                0x0000000008002414                FLASH_IRQHandler
                0x0000000008002414                USART1_IRQHandler
                0x0000000008002414                SPI3_IRQHandler
                0x0000000008002414                I2C1_ER_IRQHandler
                0x0000000008002414                LPTIM1_IRQHandler
                0x0000000008002414                DMAMUX_OVR_IRQHandler
                0x0000000008002414                USBWakeUp_IRQHandler
                0x0000000008002414                SAI1_IRQHandler
                0x0000000008002414                DMA2_Channel3_IRQHandler
                0x0000000008002414                COMP4_IRQHandler
                0x0000000008002414                TIM1_BRK_TIM15_IRQHandler
 .text.HAL_Init
                0x0000000008002416       0x30 ./Drivers/STM32G4xx_HAL_Driver/Src/stm32g4xx_hal.o
                0x0000000008002416                HAL_Init
 *fill*         0x0000000008002446        0x2 
 .text.HAL_InitTick
                0x0000000008002448       0x74 ./Drivers/STM32G4xx_HAL_Driver/Src/stm32g4xx_hal.o
                0x0000000008002448                HAL_InitTick
 .text.HAL_IncTick
                0x00000000080024bc       0x24 ./Drivers/STM32G4xx_HAL_Driver/Src/stm32g4xx_hal.o
                0x00000000080024bc                HAL_IncTick
 .text.HAL_GetTick
                0x00000000080024e0       0x18 ./Drivers/STM32G4xx_HAL_Driver/Src/stm32g4xx_hal.o
                0x00000000080024e0                HAL_GetTick
 .text.HAL_Delay
                0x00000000080024f8       0x44 ./Drivers/STM32G4xx_HAL_Driver/Src/stm32g4xx_hal.o
                0x00000000080024f8                HAL_Delay
 .text.__NVIC_SetPriorityGrouping
                0x000000000800253c       0x48 ./Drivers/STM32G4xx_HAL_Driver/Src/stm32g4xx_hal_cortex.o
 .text.__NVIC_GetPriorityGrouping
                0x0000000008002584       0x1c ./Drivers/STM32G4xx_HAL_Driver/Src/stm32g4xx_hal_cortex.o
 .text.__NVIC_SetPriority
                0x00000000080025a0       0x54 ./Drivers/STM32G4xx_HAL_Driver/Src/stm32g4xx_hal_cortex.o
 .text.NVIC_EncodePriority
                0x00000000080025f4       0x66 ./Drivers/STM32G4xx_HAL_Driver/Src/stm32g4xx_hal_cortex.o
 *fill*         0x000000000800265a        0x2 
 .text.SysTick_Config
                0x000000000800265c       0x44 ./Drivers/STM32G4xx_HAL_Driver/Src/stm32g4xx_hal_cortex.o
 .text.HAL_NVIC_SetPriorityGrouping
                0x00000000080026a0       0x16 ./Drivers/STM32G4xx_HAL_Driver/Src/stm32g4xx_hal_cortex.o
                0x00000000080026a0                HAL_NVIC_SetPriorityGrouping
 .text.HAL_NVIC_SetPriority
                0x00000000080026b6       0x34 ./Drivers/STM32G4xx_HAL_Driver/Src/stm32g4xx_hal_cortex.o
                0x00000000080026b6                HAL_NVIC_SetPriority
 .text.HAL_SYSTICK_Config
                0x00000000080026ea       0x18 ./Drivers/STM32G4xx_HAL_Driver/Src/stm32g4xx_hal_cortex.o
                0x00000000080026ea                HAL_SYSTICK_Config
 *fill*         0x0000000008002702        0x2 
 .text.HAL_FDCAN_Init
                0x0000000008002704      0x2b4 ./Drivers/STM32G4xx_HAL_Driver/Src/stm32g4xx_hal_fdcan.o
                0x0000000008002704                HAL_FDCAN_Init
 .text.HAL_FDCAN_Start
                0x00000000080029b8       0x50 ./Drivers/STM32G4xx_HAL_Driver/Src/stm32g4xx_hal_fdcan.o
                0x00000000080029b8                HAL_FDCAN_Start
 .text.HAL_FDCAN_Stop
                0x0000000008002a08       0xe0 ./Drivers/STM32G4xx_HAL_Driver/Src/stm32g4xx_hal_fdcan.o
                0x0000000008002a08                HAL_FDCAN_Stop
 .text.HAL_FDCAN_AddMessageToTxFifoQ
                0x0000000008002ae8       0x88 ./Drivers/STM32G4xx_HAL_Driver/Src/stm32g4xx_hal_fdcan.o
                0x0000000008002ae8                HAL_FDCAN_AddMessageToTxFifoQ
 .text.HAL_FDCAN_GetRxMessage
                0x0000000008002b70      0x1b4 ./Drivers/STM32G4xx_HAL_Driver/Src/stm32g4xx_hal_fdcan.o
                0x0000000008002b70                HAL_FDCAN_GetRxMessage
 .text.HAL_FDCAN_GetRxFifoFillLevel
                0x0000000008002d24       0x3c ./Drivers/STM32G4xx_HAL_Driver/Src/stm32g4xx_hal_fdcan.o
                0x0000000008002d24                HAL_FDCAN_GetRxFifoFillLevel
 .text.HAL_FDCAN_GetTxFifoFreeLevel
                0x0000000008002d60       0x24 ./Drivers/STM32G4xx_HAL_Driver/Src/stm32g4xx_hal_fdcan.o
                0x0000000008002d60                HAL_FDCAN_GetTxFifoFreeLevel
 .text.FDCAN_CalcultateRamBlockAddresses
                0x0000000008002d84       0xac ./Drivers/STM32G4xx_HAL_Driver/Src/stm32g4xx_hal_fdcan.o
 .text.FDCAN_CopyMessageToRAM
                0x0000000008002e30       0xf8 ./Drivers/STM32G4xx_HAL_Driver/Src/stm32g4xx_hal_fdcan.o
 .text.HAL_GPIO_Init
                0x0000000008002f28      0x304 ./Drivers/STM32G4xx_HAL_Driver/Src/stm32g4xx_hal_gpio.o
                0x0000000008002f28                HAL_GPIO_Init
 .text.HAL_GPIO_ReadPin
                0x000000000800322c       0x30 ./Drivers/STM32G4xx_HAL_Driver/Src/stm32g4xx_hal_gpio.o
                0x000000000800322c                HAL_GPIO_ReadPin
 .text.HAL_GPIO_WritePin
                0x000000000800325c       0x30 ./Drivers/STM32G4xx_HAL_Driver/Src/stm32g4xx_hal_gpio.o
                0x000000000800325c                HAL_GPIO_WritePin
 .text.HAL_GPIO_TogglePin
                0x000000000800328c       0x34 ./Drivers/STM32G4xx_HAL_Driver/Src/stm32g4xx_hal_gpio.o
                0x000000000800328c                HAL_GPIO_TogglePin
 .text.HAL_PWREx_ControlVoltageScaling
                0x00000000080032c0      0x148 ./Drivers/STM32G4xx_HAL_Driver/Src/stm32g4xx_hal_pwr_ex.o
                0x00000000080032c0                HAL_PWREx_ControlVoltageScaling
 .text.HAL_RCC_OscConfig
                0x0000000008003408      0x630 ./Drivers/STM32G4xx_HAL_Driver/Src/stm32g4xx_hal_rcc.o
                0x0000000008003408                HAL_RCC_OscConfig
 .text.HAL_RCC_ClockConfig
                0x0000000008003a38      0x278 ./Drivers/STM32G4xx_HAL_Driver/Src/stm32g4xx_hal_rcc.o
                0x0000000008003a38                HAL_RCC_ClockConfig
 .text.HAL_RCC_GetSysClockFreq
                0x0000000008003cb0       0xc4 ./Drivers/STM32G4xx_HAL_Driver/Src/stm32g4xx_hal_rcc.o
                0x0000000008003cb0                HAL_RCC_GetSysClockFreq
 .text.RCC_GetSysClockFreqFromPLLSource
                0x0000000008003d74       0x8c ./Drivers/STM32G4xx_HAL_Driver/Src/stm32g4xx_hal_rcc.o
 .text.HAL_RCCEx_PeriphCLKConfig
                0x0000000008003e00      0x3e0 ./Drivers/STM32G4xx_HAL_Driver/Src/stm32g4xx_hal_rcc_ex.o
                0x0000000008003e00                HAL_RCCEx_PeriphCLKConfig
 .text.__libc_init_array
                0x00000000080041e0       0x48 f:/st/stm32cubeide_1.10.1/stm32cubeide/plugins/com.st.stm32cube.ide.mcu.externaltools.gnu-tools-for-stm32.10.3-2021.10.win32_1.0.200.202301161003/tools/bin/../lib/gcc/arm-none-eabi/10.3.1/../../../../arm-none-eabi/lib/thumb/v7e-m+fp/hard\libc_nano.a(lib_a-init.o)
                0x00000000080041e0                __libc_init_array
 .text.memset   0x0000000008004228       0x10 f:/st/stm32cubeide_1.10.1/stm32cubeide/plugins/com.st.stm32cube.ide.mcu.externaltools.gnu-tools-for-stm32.10.3-2021.10.win32_1.0.200.202301161003/tools/bin/../lib/gcc/arm-none-eabi/10.3.1/../../../../arm-none-eabi/lib/thumb/v7e-m+fp/hard\libc_nano.a(lib_a-memset.o)
                0x0000000008004228                memset
 *(.glue_7)
 .glue_7        0x0000000008004238        0x0 linker stubs
 *(.glue_7t)
 .glue_7t       0x0000000008004238        0x0 linker stubs
 *(.eh_frame)
 .eh_frame      0x0000000008004238        0x0 f:/st/stm32cubeide_1.10.1/stm32cubeide/plugins/com.st.stm32cube.ide.mcu.externaltools.gnu-tools-for-stm32.10.3-2021.10.win32_1.0.200.202301161003/tools/bin/../lib/gcc/arm-none-eabi/10.3.1/thumb/v7e-m+fp/hard/crtbegin.o
 *(.init)
 .init          0x0000000008004238        0x4 f:/st/stm32cubeide_1.10.1/stm32cubeide/plugins/com.st.stm32cube.ide.mcu.externaltools.gnu-tools-for-stm32.10.3-2021.10.win32_1.0.200.202301161003/tools/bin/../lib/gcc/arm-none-eabi/10.3.1/thumb/v7e-m+fp/hard/crti.o
                0x0000000008004238                _init
 .init          0x000000000800423c        0x8 f:/st/stm32cubeide_1.10.1/stm32cubeide/plugins/com.st.stm32cube.ide.mcu.externaltools.gnu-tools-for-stm32.10.3-2021.10.win32_1.0.200.202301161003/tools/bin/../lib/gcc/arm-none-eabi/10.3.1/thumb/v7e-m+fp/hard/crtn.o
 *(.fini)
 .fini          0x0000000008004244        0x4 f:/st/stm32cubeide_1.10.1/stm32cubeide/plugins/com.st.stm32cube.ide.mcu.externaltools.gnu-tools-for-stm32.10.3-2021.10.win32_1.0.200.202301161003/tools/bin/../lib/gcc/arm-none-eabi/10.3.1/thumb/v7e-m+fp/hard/crti.o
                0x0000000008004244                _fini
 .fini          0x0000000008004248        0x8 f:/st/stm32cubeide_1.10.1/stm32cubeide/plugins/com.st.stm32cube.ide.mcu.externaltools.gnu-tools-for-stm32.10.3-2021.10.win32_1.0.200.202301161003/tools/bin/../lib/gcc/arm-none-eabi/10.3.1/thumb/v7e-m+fp/hard/crtn.o
                0x0000000008004250                . = ALIGN (0x4)
                0x0000000008004250                _etext = .

.vfp11_veneer   0x0000000008004250        0x0
 .vfp11_veneer  0x0000000008004250        0x0 linker stubs

.v4_bx          0x0000000008004250        0x0
 .v4_bx         0x0000000008004250        0x0 linker stubs

.iplt           0x0000000008004250        0x0
 .iplt          0x0000000008004250        0x0 f:/st/stm32cubeide_1.10.1/stm32cubeide/plugins/com.st.stm32cube.ide.mcu.externaltools.gnu-tools-for-stm32.10.3-2021.10.win32_1.0.200.202301161003/tools/bin/../lib/gcc/arm-none-eabi/10.3.1/thumb/v7e-m+fp/hard/crtbegin.o

.rodata         0x0000000008004250       0x34
                0x0000000008004250                . = ALIGN (0x4)
 *(.rodata)
 *(.rodata*)
 .rodata.LCD_7seg_font
                0x0000000008004250       0x13 ./Core/Src/TM1723_LCD.o
                0x0000000008004250                LCD_7seg_font
 *fill*         0x0000000008004263        0x1 
 .rodata.AHBPrescTable
                0x0000000008004264       0x10 ./Core/Src/system_stm32g4xx.o
                0x0000000008004264                AHBPrescTable
 .rodata.DLCtoBytes
                0x0000000008004274       0x10 ./Drivers/STM32G4xx_HAL_Driver/Src/stm32g4xx_hal_fdcan.o
                0x0000000008004284                . = ALIGN (0x4)

.rel.dyn        0x0000000008004284        0x0
 .rel.iplt      0x0000000008004284        0x0 f:/st/stm32cubeide_1.10.1/stm32cubeide/plugins/com.st.stm32cube.ide.mcu.externaltools.gnu-tools-for-stm32.10.3-2021.10.win32_1.0.200.202301161003/tools/bin/../lib/gcc/arm-none-eabi/10.3.1/thumb/v7e-m+fp/hard/crtbegin.o

.ARM.extab      0x0000000008004284        0x0
                0x0000000008004284                . = ALIGN (0x4)
 *(.ARM.extab* .gnu.linkonce.armextab.*)
                0x0000000008004284                . = ALIGN (0x4)

.ARM            0x0000000008004284        0x0
                0x0000000008004284                . = ALIGN (0x4)
                0x0000000008004284                __exidx_start = .
 *(.ARM.exidx*)
                0x0000000008004284                __exidx_end = .
                0x0000000008004284                . = ALIGN (0x4)

.preinit_array  0x0000000008004284        0x0
                0x0000000008004284                . = ALIGN (0x4)
                0x0000000008004284                PROVIDE (__preinit_array_start = .)
 *(.preinit_array*)
                0x0000000008004284                PROVIDE (__preinit_array_end = .)
                0x0000000008004284                . = ALIGN (0x4)

.init_array     0x0000000008004284        0x4
                0x0000000008004284                . = ALIGN (0x4)
                0x0000000008004284                PROVIDE (__init_array_start = .)
 *(SORT_BY_NAME(.init_array.*))
 *(.init_array*)
 .init_array    0x0000000008004284        0x4 f:/st/stm32cubeide_1.10.1/stm32cubeide/plugins/com.st.stm32cube.ide.mcu.externaltools.gnu-tools-for-stm32.10.3-2021.10.win32_1.0.200.202301161003/tools/bin/../lib/gcc/arm-none-eabi/10.3.1/thumb/v7e-m+fp/hard/crtbegin.o
                0x0000000008004288                PROVIDE (__init_array_end = .)
                0x0000000008004288                . = ALIGN (0x4)

.fini_array     0x0000000008004288        0x4
                0x0000000008004288                . = ALIGN (0x4)
                [!provide]                        PROVIDE (__fini_array_start = .)
 *(SORT_BY_NAME(.fini_array.*))
 *(.fini_array*)
 .fini_array    0x0000000008004288        0x4 f:/st/stm32cubeide_1.10.1/stm32cubeide/plugins/com.st.stm32cube.ide.mcu.externaltools.gnu-tools-for-stm32.10.3-2021.10.win32_1.0.200.202301161003/tools/bin/../lib/gcc/arm-none-eabi/10.3.1/thumb/v7e-m+fp/hard/crtbegin.o
                [!provide]                        PROVIDE (__fini_array_end = .)
                0x000000000800428c                . = ALIGN (0x4)
                0x000000000800428c                _sidata = LOADADDR (.data)

.data           0x0000000020000000       0x10 load address 0x000000000800428c
                0x0000000020000000                . = ALIGN (0x4)
                0x0000000020000000                _sdata = .
 *(.data)
 *(.data*)
 .data.CellCount
                0x0000000020000000        0x1 ./Core/Src/main.o
                0x0000000020000000                CellCount
 *fill*         0x0000000020000001        0x3 
 .data.SystemCoreClock
                0x0000000020000004        0x4 ./Core/Src/system_stm32g4xx.o
                0x0000000020000004                SystemCoreClock
 .data.uwTickPrio
                0x0000000020000008        0x4 ./Drivers/STM32G4xx_HAL_Driver/Src/stm32g4xx_hal.o
                0x0000000020000008                uwTickPrio
 .data.uwTickFreq
                0x000000002000000c        0x4 ./Drivers/STM32G4xx_HAL_Driver/Src/stm32g4xx_hal.o
                0x000000002000000c                uwTickFreq
 *(.RamFunc)
 *(.RamFunc*)
                0x0000000020000010                . = ALIGN (0x4)
                0x0000000020000010                _edata = .

.igot.plt       0x0000000020000010        0x0 load address 0x000000000800429c
 .igot.plt      0x0000000020000010        0x0 f:/st/stm32cubeide_1.10.1/stm32cubeide/plugins/com.st.stm32cube.ide.mcu.externaltools.gnu-tools-for-stm32.10.3-2021.10.win32_1.0.200.202301161003/tools/bin/../lib/gcc/arm-none-eabi/10.3.1/thumb/v7e-m+fp/hard/crtbegin.o
                0x0000000020000010                . = ALIGN (0x4)

.bss            0x0000000020000010      0x1e4 load address 0x000000000800429c
                0x0000000020000010                _sbss = .
                0x0000000020000010                __bss_start__ = _sbss
 *(.bss)
 .bss           0x0000000020000010       0x1c f:/st/stm32cubeide_1.10.1/stm32cubeide/plugins/com.st.stm32cube.ide.mcu.externaltools.gnu-tools-for-stm32.10.3-2021.10.win32_1.0.200.202301161003/tools/bin/../lib/gcc/arm-none-eabi/10.3.1/thumb/v7e-m+fp/hard/crtbegin.o
 *(.bss*)
 .bss.TxHeader  0x000000002000002c       0x24 ./Core/Src/CAN_Communication.o
                0x000000002000002c                TxHeader
 .bss.canTxData
                0x0000000020000050        0x8 ./Core/Src/CAN_Communication.o
                0x0000000020000050                canTxData
 .bss.RxHeader  0x0000000020000058       0x28 ./Core/Src/CAN_Communication.o
                0x0000000020000058                RxHeader
 .bss.canRxData
                0x0000000020000080        0x8 ./Core/Src/CAN_Communication.o
                0x0000000020000080                canRxData
 .bss.fdcan1h   0x0000000020000088        0x4 ./Core/Src/CAN_Communication.o
                0x0000000020000088                fdcan1h
 .bss.DALY_TxHeader
                0x000000002000008c       0x24 ./Core/Src/DALY_communication.o
                0x000000002000008c                DALY_TxHeader
 .bss.DALY_canTxData
                0x00000000200000b0        0x8 ./Core/Src/DALY_communication.o
                0x00000000200000b0                DALY_canTxData
 .bss.DALY_RxHeader
                0x00000000200000b8       0x28 ./Core/Src/DALY_communication.o
                0x00000000200000b8                DALY_RxHeader
 .bss.DALY_fdcan1h
                0x00000000200000e0        0x4 ./Core/Src/DALY_communication.o
                0x00000000200000e0                DALY_fdcan1h
 .bss.JLN_TxHeader
                0x00000000200000e4       0x24 ./Core/Src/JLN_Phenix.o
                0x00000000200000e4                JLN_TxHeader
 .bss.JLN_canTxData
                0x0000000020000108        0x8 ./Core/Src/JLN_Phenix.o
                0x0000000020000108                JLN_canTxData
 .bss.JLN_RxHeader
                0x0000000020000110       0x28 ./Core/Src/JLN_Phenix.o
                0x0000000020000110                JLN_RxHeader
 .bss.JLN_canRxData
                0x0000000020000138        0x8 ./Core/Src/JLN_Phenix.o
                0x0000000020000138                JLN_canRxData
 .bss.JLN_fdcan1h
                0x0000000020000140        0x4 ./Core/Src/JLN_Phenix.o
                0x0000000020000140                JLN_fdcan1h
 .bss.STH_TxHeader
                0x0000000020000144       0x24 ./Core/Src/STH_CAN_Simulator.o
                0x0000000020000144                STH_TxHeader
 .bss.STH_canTxData
                0x0000000020000168        0x8 ./Core/Src/STH_CAN_Simulator.o
                0x0000000020000168                STH_canTxData
 .bss.STH_fdcan1h
                0x0000000020000170        0x4 ./Core/Src/STH_CAN_Simulator.o
                0x0000000020000170                STH_fdcan1h
 .bss.i         0x0000000020000174        0x1 ./Core/Src/STH_CAN_Simulator.o
                0x0000000020000174                i
 *fill*         0x0000000020000175        0x3 
 .bss.LCD_Ram   0x0000000020000178       0x10 ./Core/Src/TM1723_LCD.o
                0x0000000020000178                LCD_Ram
 .bss.hfdcan1   0x0000000020000188       0x64 ./Core/Src/main.o
                0x0000000020000188                hfdcan1
 .bss.protocol_selection
                0x00000000200001ec        0x1 ./Core/Src/main.o
                0x00000000200001ec                protocol_selection
 *fill*         0x00000000200001ed        0x3 
 .bss.uwTick    0x00000000200001f0        0x4 ./Drivers/STM32G4xx_HAL_Driver/Src/stm32g4xx_hal.o
                0x00000000200001f0                uwTick
 *(COMMON)
                0x00000000200001f4                . = ALIGN (0x4)
                0x00000000200001f4                _ebss = .
                0x00000000200001f4                __bss_end__ = _ebss

._user_heap_stack
                0x00000000200001f4      0x604 load address 0x000000000800429c
                0x00000000200001f8                . = ALIGN (0x8)
 *fill*         0x00000000200001f4        0x4 
                [!provide]                        PROVIDE (end = .)
                0x00000000200001f8                PROVIDE (_end = .)
                0x00000000200003f8                . = (. + _Min_Heap_Size)
 *fill*         0x00000000200001f8      0x200 
                0x00000000200007f8                . = (. + _Min_Stack_Size)
 *fill*         0x00000000200003f8      0x400 
                0x00000000200007f8                . = ALIGN (0x8)

/DISCARD/
 libc.a(*)
 libm.a(*)
 libgcc.a(*)

.ARM.attributes
                0x0000000000000000       0x30
 *(.ARM.attributes)
 .ARM.attributes
                0x0000000000000000       0x1e f:/st/stm32cubeide_1.10.1/stm32cubeide/plugins/com.st.stm32cube.ide.mcu.externaltools.gnu-tools-for-stm32.10.3-2021.10.win32_1.0.200.202301161003/tools/bin/../lib/gcc/arm-none-eabi/10.3.1/thumb/v7e-m+fp/hard/crti.o
 .ARM.attributes
                0x000000000000001e       0x34 f:/st/stm32cubeide_1.10.1/stm32cubeide/plugins/com.st.stm32cube.ide.mcu.externaltools.gnu-tools-for-stm32.10.3-2021.10.win32_1.0.200.202301161003/tools/bin/../lib/gcc/arm-none-eabi/10.3.1/thumb/v7e-m+fp/hard/crtbegin.o
 .ARM.attributes
                0x0000000000000052       0x34 ./Core/Src/CAN_Communication.o
 .ARM.attributes
                0x0000000000000086       0x34 ./Core/Src/DALY_communication.o
 .ARM.attributes
                0x00000000000000ba       0x34 ./Core/Src/JLN_Phenix.o
 .ARM.attributes
                0x00000000000000ee       0x34 ./Core/Src/STH_CAN_Simulator.o
 .ARM.attributes
                0x0000000000000122       0x34 ./Core/Src/TM1723_LCD.o
 .ARM.attributes
                0x0000000000000156       0x34 ./Core/Src/main.o
 .ARM.attributes
                0x000000000000018a       0x34 ./Core/Src/stm32g4xx_hal_msp.o
 .ARM.attributes
                0x00000000000001be       0x34 ./Core/Src/stm32g4xx_it.o
 .ARM.attributes
                0x00000000000001f2       0x34 ./Core/Src/system_stm32g4xx.o
 .ARM.attributes
                0x0000000000000226       0x21 ./Core/Startup/startup_stm32g431c8tx.o
 .ARM.attributes
                0x0000000000000247       0x34 ./Drivers/STM32G4xx_HAL_Driver/Src/stm32g4xx_hal.o
 .ARM.attributes
                0x000000000000027b       0x34 ./Drivers/STM32G4xx_HAL_Driver/Src/stm32g4xx_hal_cortex.o
 .ARM.attributes
                0x00000000000002af       0x34 ./Drivers/STM32G4xx_HAL_Driver/Src/stm32g4xx_hal_fdcan.o
 .ARM.attributes
                0x00000000000002e3       0x34 ./Drivers/STM32G4xx_HAL_Driver/Src/stm32g4xx_hal_gpio.o
 .ARM.attributes
                0x0000000000000317       0x34 ./Drivers/STM32G4xx_HAL_Driver/Src/stm32g4xx_hal_pwr_ex.o
 .ARM.attributes
                0x000000000000034b       0x34 ./Drivers/STM32G4xx_HAL_Driver/Src/stm32g4xx_hal_rcc.o
 .ARM.attributes
                0x000000000000037f       0x34 ./Drivers/STM32G4xx_HAL_Driver/Src/stm32g4xx_hal_rcc_ex.o
 .ARM.attributes
                0x00000000000003b3       0x34 f:/st/stm32cubeide_1.10.1/stm32cubeide/plugins/com.st.stm32cube.ide.mcu.externaltools.gnu-tools-for-stm32.10.3-2021.10.win32_1.0.200.202301161003/tools/bin/../lib/gcc/arm-none-eabi/10.3.1/../../../../arm-none-eabi/lib/thumb/v7e-m+fp/hard\libc_nano.a(lib_a-init.o)
 .ARM.attributes
                0x00000000000003e7       0x34 f:/st/stm32cubeide_1.10.1/stm32cubeide/plugins/com.st.stm32cube.ide.mcu.externaltools.gnu-tools-for-stm32.10.3-2021.10.win32_1.0.200.202301161003/tools/bin/../lib/gcc/arm-none-eabi/10.3.1/../../../../arm-none-eabi/lib/thumb/v7e-m+fp/hard\libc_nano.a(lib_a-memset.o)
 .ARM.attributes
                0x000000000000041b       0x1e f:/st/stm32cubeide_1.10.1/stm32cubeide/plugins/com.st.stm32cube.ide.mcu.externaltools.gnu-tools-for-stm32.10.3-2021.10.win32_1.0.200.202301161003/tools/bin/../lib/gcc/arm-none-eabi/10.3.1/thumb/v7e-m+fp/hard\libgcc.a(_arm_muldf3.o)
 .ARM.attributes
                0x0000000000000439       0x1e f:/st/stm32cubeide_1.10.1/stm32cubeide/plugins/com.st.stm32cube.ide.mcu.externaltools.gnu-tools-for-stm32.10.3-2021.10.win32_1.0.200.202301161003/tools/bin/../lib/gcc/arm-none-eabi/10.3.1/thumb/v7e-m+fp/hard\libgcc.a(_arm_addsubdf3.o)
 .ARM.attributes
                0x0000000000000457       0x1e f:/st/stm32cubeide_1.10.1/stm32cubeide/plugins/com.st.stm32cube.ide.mcu.externaltools.gnu-tools-for-stm32.10.3-2021.10.win32_1.0.200.202301161003/tools/bin/../lib/gcc/arm-none-eabi/10.3.1/thumb/v7e-m+fp/hard\libgcc.a(_arm_fixunsdfsi.o)
 .ARM.attributes
                0x0000000000000475       0x1e f:/st/stm32cubeide_1.10.1/stm32cubeide/plugins/com.st.stm32cube.ide.mcu.externaltools.gnu-tools-for-stm32.10.3-2021.10.win32_1.0.200.202301161003/tools/bin/../lib/gcc/arm-none-eabi/10.3.1/thumb/v7e-m+fp/hard/crtn.o
OUTPUT(Ageing_Test_Code.elf elf32-littlearm)
LOAD linker stubs
LOAD f:/st/stm32cubeide_1.10.1/stm32cubeide/plugins/com.st.stm32cube.ide.mcu.externaltools.gnu-tools-for-stm32.10.3-2021.10.win32_1.0.200.202301161003/tools/bin/../lib/gcc/arm-none-eabi/10.3.1/../../../../arm-none-eabi/lib/thumb/v7e-m+fp/hard\libc.a
LOAD f:/st/stm32cubeide_1.10.1/stm32cubeide/plugins/com.st.stm32cube.ide.mcu.externaltools.gnu-tools-for-stm32.10.3-2021.10.win32_1.0.200.202301161003/tools/bin/../lib/gcc/arm-none-eabi/10.3.1/../../../../arm-none-eabi/lib/thumb/v7e-m+fp/hard\libm.a
LOAD f:/st/stm32cubeide_1.10.1/stm32cubeide/plugins/com.st.stm32cube.ide.mcu.externaltools.gnu-tools-for-stm32.10.3-2021.10.win32_1.0.200.202301161003/tools/bin/../lib/gcc/arm-none-eabi/10.3.1/thumb/v7e-m+fp/hard\libgcc.a

.debug_info     0x0000000000000000     0xa70f
 .debug_info    0x0000000000000000      0x9b9 ./Core/Src/CAN_Communication.o
 .debug_info    0x00000000000009b9      0x8f7 ./Core/Src/DALY_communication.o
 .debug_info    0x00000000000012b0      0x904 ./Core/Src/JLN_Phenix.o
 .debug_info    0x0000000000001bb4      0x7ce ./Core/Src/STH_CAN_Simulator.o
 .debug_info    0x0000000000002382      0x68b ./Core/Src/TM1723_LCD.o
 .debug_info    0x0000000000002a0d      0xdb7 ./Core/Src/main.o
 .debug_info    0x00000000000037c4      0xb5a ./Core/Src/stm32g4xx_hal_msp.o
 .debug_info    0x000000000000431e      0x122 ./Core/Src/stm32g4xx_it.o
 .debug_info    0x0000000000004440      0x59f ./Core/Src/system_stm32g4xx.o
 .debug_info    0x00000000000049df       0x22 ./Core/Startup/startup_stm32g431c8tx.o
 .debug_info    0x0000000000004a01      0xae3 ./Drivers/STM32G4xx_HAL_Driver/Src/stm32g4xx_hal.o
 .debug_info    0x00000000000054e4      0xdc4 ./Drivers/STM32G4xx_HAL_Driver/Src/stm32g4xx_hal_cortex.o
 .debug_info    0x00000000000062a8     0x1964 ./Drivers/STM32G4xx_HAL_Driver/Src/stm32g4xx_hal_fdcan.o
 .debug_info    0x0000000000007c0c      0x82f ./Drivers/STM32G4xx_HAL_Driver/Src/stm32g4xx_hal_gpio.o
 .debug_info    0x000000000000843b      0x983 ./Drivers/STM32G4xx_HAL_Driver/Src/stm32g4xx_hal_pwr_ex.o
 .debug_info    0x0000000000008dbe      0xc53 ./Drivers/STM32G4xx_HAL_Driver/Src/stm32g4xx_hal_rcc.o
 .debug_info    0x0000000000009a11      0xcfe ./Drivers/STM32G4xx_HAL_Driver/Src/stm32g4xx_hal_rcc_ex.o

.debug_abbrev   0x0000000000000000     0x1ed7
 .debug_abbrev  0x0000000000000000      0x1a5 ./Core/Src/CAN_Communication.o
 .debug_abbrev  0x00000000000001a5      0x185 ./Core/Src/DALY_communication.o
 .debug_abbrev  0x000000000000032a      0x17e ./Core/Src/JLN_Phenix.o
 .debug_abbrev  0x00000000000004a8      0x16f ./Core/Src/STH_CAN_Simulator.o
 .debug_abbrev  0x0000000000000617      0x2db ./Core/Src/TM1723_LCD.o
 .debug_abbrev  0x00000000000008f2      0x27b ./Core/Src/main.o
 .debug_abbrev  0x0000000000000b6d      0x19d ./Core/Src/stm32g4xx_hal_msp.o
 .debug_abbrev  0x0000000000000d0a       0x74 ./Core/Src/stm32g4xx_it.o
 .debug_abbrev  0x0000000000000d7e      0x116 ./Core/Src/system_stm32g4xx.o
 .debug_abbrev  0x0000000000000e94       0x12 ./Core/Startup/startup_stm32g431c8tx.o
 .debug_abbrev  0x0000000000000ea6      0x269 ./Drivers/STM32G4xx_HAL_Driver/Src/stm32g4xx_hal.o
 .debug_abbrev  0x000000000000110f      0x30d ./Drivers/STM32G4xx_HAL_Driver/Src/stm32g4xx_hal_cortex.o
 .debug_abbrev  0x000000000000141c      0x1d3 ./Drivers/STM32G4xx_HAL_Driver/Src/stm32g4xx_hal_fdcan.o
 .debug_abbrev  0x00000000000015ef      0x1bb ./Drivers/STM32G4xx_HAL_Driver/Src/stm32g4xx_hal_gpio.o
 .debug_abbrev  0x00000000000017aa      0x229 ./Drivers/STM32G4xx_HAL_Driver/Src/stm32g4xx_hal_pwr_ex.o
 .debug_abbrev  0x00000000000019d3      0x2bd ./Drivers/STM32G4xx_HAL_Driver/Src/stm32g4xx_hal_rcc.o
 .debug_abbrev  0x0000000000001c90      0x247 ./Drivers/STM32G4xx_HAL_Driver/Src/stm32g4xx_hal_rcc_ex.o

.debug_aranges  0x0000000000000000      0x970
 .debug_aranges
                0x0000000000000000       0x28 ./Core/Src/CAN_Communication.o
 .debug_aranges
                0x0000000000000028       0x20 ./Core/Src/DALY_communication.o
 .debug_aranges
                0x0000000000000048       0x20 ./Core/Src/JLN_Phenix.o
 .debug_aranges
                0x0000000000000068       0x20 ./Core/Src/STH_CAN_Simulator.o
 .debug_aranges
                0x0000000000000088       0x88 ./Core/Src/TM1723_LCD.o
 .debug_aranges
                0x0000000000000110       0x50 ./Core/Src/main.o
 .debug_aranges
                0x0000000000000160       0x30 ./Core/Src/stm32g4xx_hal_msp.o
 .debug_aranges
                0x0000000000000190       0x60 ./Core/Src/stm32g4xx_it.o
 .debug_aranges
                0x00000000000001f0       0x28 ./Core/Src/system_stm32g4xx.o
 .debug_aranges
                0x0000000000000218       0x28 ./Core/Startup/startup_stm32g431c8tx.o
 .debug_aranges
                0x0000000000000240      0x130 ./Drivers/STM32G4xx_HAL_Driver/Src/stm32g4xx_hal.o
 .debug_aranges
                0x0000000000000370      0x118 ./Drivers/STM32G4xx_HAL_Driver/Src/stm32g4xx_hal_cortex.o
 .debug_aranges
                0x0000000000000488      0x208 ./Drivers/STM32G4xx_HAL_Driver/Src/stm32g4xx_hal_fdcan.o
 .debug_aranges
                0x0000000000000690       0x58 ./Drivers/STM32G4xx_HAL_Driver/Src/stm32g4xx_hal_gpio.o
 .debug_aranges
                0x00000000000006e8      0x140 ./Drivers/STM32G4xx_HAL_Driver/Src/stm32g4xx_hal_pwr_ex.o
 .debug_aranges
                0x0000000000000828       0x98 ./Drivers/STM32G4xx_HAL_Driver/Src/stm32g4xx_hal_rcc.o
 .debug_aranges
                0x00000000000008c0       0xb0 ./Drivers/STM32G4xx_HAL_Driver/Src/stm32g4xx_hal_rcc_ex.o

.debug_ranges   0x0000000000000000      0x880
 .debug_ranges  0x0000000000000000       0x18 ./Core/Src/CAN_Communication.o
 .debug_ranges  0x0000000000000018       0x28 ./Core/Src/DALY_communication.o
 .debug_ranges  0x0000000000000040       0x10 ./Core/Src/JLN_Phenix.o
 .debug_ranges  0x0000000000000050       0x10 ./Core/Src/STH_CAN_Simulator.o
 .debug_ranges  0x0000000000000060       0x78 ./Core/Src/TM1723_LCD.o
 .debug_ranges  0x00000000000000d8       0x40 ./Core/Src/main.o
 .debug_ranges  0x0000000000000118       0x20 ./Core/Src/stm32g4xx_hal_msp.o
 .debug_ranges  0x0000000000000138       0x50 ./Core/Src/stm32g4xx_it.o
 .debug_ranges  0x0000000000000188       0x18 ./Core/Src/system_stm32g4xx.o
 .debug_ranges  0x00000000000001a0       0x20 ./Core/Startup/startup_stm32g431c8tx.o
 .debug_ranges  0x00000000000001c0      0x120 ./Drivers/STM32G4xx_HAL_Driver/Src/stm32g4xx_hal.o
 .debug_ranges  0x00000000000002e0      0x108 ./Drivers/STM32G4xx_HAL_Driver/Src/stm32g4xx_hal_cortex.o
 .debug_ranges  0x00000000000003e8      0x1f8 ./Drivers/STM32G4xx_HAL_Driver/Src/stm32g4xx_hal_fdcan.o
 .debug_ranges  0x00000000000005e0       0x48 ./Drivers/STM32G4xx_HAL_Driver/Src/stm32g4xx_hal_gpio.o
 .debug_ranges  0x0000000000000628      0x130 ./Drivers/STM32G4xx_HAL_Driver/Src/stm32g4xx_hal_pwr_ex.o
 .debug_ranges  0x0000000000000758       0x88 ./Drivers/STM32G4xx_HAL_Driver/Src/stm32g4xx_hal_rcc.o
 .debug_ranges  0x00000000000007e0       0xa0 ./Drivers/STM32G4xx_HAL_Driver/Src/stm32g4xx_hal_rcc_ex.o

.debug_macro    0x0000000000000000    0x1cc9b
 .debug_macro   0x0000000000000000      0x1dc ./Core/Src/CAN_Communication.o
 .debug_macro   0x00000000000001dc      0xa78 ./Core/Src/CAN_Communication.o
 .debug_macro   0x0000000000000c54      0x155 ./Core/Src/CAN_Communication.o
 .debug_macro   0x0000000000000da9       0x2e ./Core/Src/CAN_Communication.o
 .debug_macro   0x0000000000000dd7       0x28 ./Core/Src/CAN_Communication.o
 .debug_macro   0x0000000000000dff       0x22 ./Core/Src/CAN_Communication.o
 .debug_macro   0x0000000000000e21       0x8e ./Core/Src/CAN_Communication.o
 .debug_macro   0x0000000000000eaf       0x51 ./Core/Src/CAN_Communication.o
 .debug_macro   0x0000000000000f00      0x103 ./Core/Src/CAN_Communication.o
 .debug_macro   0x0000000000001003       0x6a ./Core/Src/CAN_Communication.o
 .debug_macro   0x000000000000106d      0x1df ./Core/Src/CAN_Communication.o
 .debug_macro   0x000000000000124c       0x1c ./Core/Src/CAN_Communication.o
 .debug_macro   0x0000000000001268       0x22 ./Core/Src/CAN_Communication.o
 .debug_macro   0x000000000000128a       0xfb ./Core/Src/CAN_Communication.o
 .debug_macro   0x0000000000001385     0x1011 ./Core/Src/CAN_Communication.o
 .debug_macro   0x0000000000002396      0x11f ./Core/Src/CAN_Communication.o
 .debug_macro   0x00000000000024b5    0x11396 ./Core/Src/CAN_Communication.o
 .debug_macro   0x000000000001384b       0x6d ./Core/Src/CAN_Communication.o
 .debug_macro   0x00000000000138b8     0x3554 ./Core/Src/CAN_Communication.o
 .debug_macro   0x0000000000016e0c      0x174 ./Core/Src/CAN_Communication.o
 .debug_macro   0x0000000000016f80       0x5c ./Core/Src/CAN_Communication.o
 .debug_macro   0x0000000000016fdc     0x141d ./Core/Src/CAN_Communication.o
 .debug_macro   0x00000000000183f9      0x535 ./Core/Src/CAN_Communication.o
 .debug_macro   0x000000000001892e      0x1b6 ./Core/Src/CAN_Communication.o
 .debug_macro   0x0000000000018ae4      0x288 ./Core/Src/CAN_Communication.o
 .debug_macro   0x0000000000018d6c      0x41d ./Core/Src/CAN_Communication.o
 .debug_macro   0x0000000000019189      0x18b ./Core/Src/CAN_Communication.o
 .debug_macro   0x0000000000019314       0x43 ./Core/Src/CAN_Communication.o
 .debug_macro   0x0000000000019357      0x23d ./Core/Src/CAN_Communication.o
 .debug_macro   0x0000000000019594      0x211 ./Core/Src/CAN_Communication.o
 .debug_macro   0x00000000000197a5      0x6af ./Core/Src/CAN_Communication.o
 .debug_macro   0x0000000000019e54      0x401 ./Core/Src/CAN_Communication.o
 .debug_macro   0x000000000001a255      0x107 ./Core/Src/CAN_Communication.o
 .debug_macro   0x000000000001a35c      0x122 ./Core/Src/CAN_Communication.o
 .debug_macro   0x000000000001a47e      0x3d1 ./Core/Src/CAN_Communication.o
 .debug_macro   0x000000000001a84f      0x306 ./Core/Src/CAN_Communication.o
 .debug_macro   0x000000000001ab55      0x457 ./Core/Src/CAN_Communication.o
 .debug_macro   0x000000000001afac       0x58 ./Core/Src/CAN_Communication.o
 .debug_macro   0x000000000001b004      0x1dc ./Core/Src/DALY_communication.o
 .debug_macro   0x000000000001b1e0      0x1dc ./Core/Src/JLN_Phenix.o
 .debug_macro   0x000000000001b3bc      0x1dc ./Core/Src/STH_CAN_Simulator.o
 .debug_macro   0x000000000001b598      0x1de ./Core/Src/TM1723_LCD.o
 .debug_macro   0x000000000001b776      0x1fa ./Core/Src/main.o
 .debug_macro   0x000000000001b970      0x1d2 ./Core/Src/stm32g4xx_hal_msp.o
 .debug_macro   0x000000000001bb42      0x1dc ./Core/Src/stm32g4xx_it.o
 .debug_macro   0x000000000001bd1e      0x1b0 ./Core/Src/system_stm32g4xx.o
 .debug_macro   0x000000000001bece      0x1fe ./Drivers/STM32G4xx_HAL_Driver/Src/stm32g4xx_hal.o
 .debug_macro   0x000000000001c0cc      0x1b0 ./Drivers/STM32G4xx_HAL_Driver/Src/stm32g4xx_hal_cortex.o
 .debug_macro   0x000000000001c27c      0x2c2 ./Drivers/STM32G4xx_HAL_Driver/Src/stm32g4xx_hal_fdcan.o
 .debug_macro   0x000000000001c53e      0x1b7 ./Drivers/STM32G4xx_HAL_Driver/Src/stm32g4xx_hal_gpio.o
 .debug_macro   0x000000000001c6f5      0x1da ./Drivers/STM32G4xx_HAL_Driver/Src/stm32g4xx_hal_pwr_ex.o
 .debug_macro   0x000000000001c8cf      0x1f2 ./Drivers/STM32G4xx_HAL_Driver/Src/stm32g4xx_hal_rcc.o
 .debug_macro   0x000000000001cac1      0x1da ./Drivers/STM32G4xx_HAL_Driver/Src/stm32g4xx_hal_rcc_ex.o

.debug_line     0x0000000000000000     0xacc9
 .debug_line    0x0000000000000000      0x855 ./Core/Src/CAN_Communication.o
 .debug_line    0x0000000000000855      0x84d ./Core/Src/DALY_communication.o
 .debug_line    0x00000000000010a2      0x74e ./Core/Src/JLN_Phenix.o
 .debug_line    0x00000000000017f0      0x7a4 ./Core/Src/STH_CAN_Simulator.o
 .debug_line    0x0000000000001f94      0x995 ./Core/Src/TM1723_LCD.o
 .debug_line    0x0000000000002929      0x97f ./Core/Src/main.o
 .debug_line    0x00000000000032a8      0x704 ./Core/Src/stm32g4xx_hal_msp.o
 .debug_line    0x00000000000039ac      0x766 ./Core/Src/stm32g4xx_it.o
 .debug_line    0x0000000000004112      0x6fd ./Core/Src/system_stm32g4xx.o
 .debug_line    0x000000000000480f       0x89 ./Core/Startup/startup_stm32g431c8tx.o
 .debug_line    0x0000000000004898      0xa74 ./Drivers/STM32G4xx_HAL_Driver/Src/stm32g4xx_hal.o
 .debug_line    0x000000000000530c      0xc27 ./Drivers/STM32G4xx_HAL_Driver/Src/stm32g4xx_hal_cortex.o
 .debug_line    0x0000000000005f33     0x17dd ./Drivers/STM32G4xx_HAL_Driver/Src/stm32g4xx_hal_fdcan.o
 .debug_line    0x0000000000007710      0xab7 ./Drivers/STM32G4xx_HAL_Driver/Src/stm32g4xx_hal_gpio.o
 .debug_line    0x00000000000081c7      0xc2b ./Drivers/STM32G4xx_HAL_Driver/Src/stm32g4xx_hal_pwr_ex.o
 .debug_line    0x0000000000008df2      0xe8a ./Drivers/STM32G4xx_HAL_Driver/Src/stm32g4xx_hal_rcc.o
 .debug_line    0x0000000000009c7c     0x104d ./Drivers/STM32G4xx_HAL_Driver/Src/stm32g4xx_hal_rcc_ex.o

.debug_str      0x0000000000000000    0xb38b3
 .debug_str     0x0000000000000000    0xafeac ./Core/Src/CAN_Communication.o
                                      0xb01ad (size before relaxing)
 .debug_str     0x00000000000afeac       0xa7 ./Core/Src/DALY_communication.o
                                      0xb015f (size before relaxing)
 .debug_str     0x00000000000aff53       0x8e ./Core/Src/JLN_Phenix.o
                                      0xb0146 (size before relaxing)
 .debug_str     0x00000000000affe1       0x92 ./Core/Src/STH_CAN_Simulator.o
                                      0xb00c7 (size before relaxing)
 .debug_str     0x00000000000b0073      0x2d4 ./Core/Src/TM1723_LCD.o
                                      0xafec5 (size before relaxing)
 .debug_str     0x00000000000b0347      0x3a3 ./Core/Src/main.o
                                      0xb0495 (size before relaxing)
 .debug_str     0x00000000000b06ea      0x1f9 ./Core/Src/stm32g4xx_hal_msp.o
                                      0xb02b9 (size before relaxing)
 .debug_str     0x00000000000b08e3       0xc9 ./Core/Src/stm32g4xx_it.o
                                      0xafc03 (size before relaxing)
 .debug_str     0x00000000000b09ac       0xdb ./Core/Src/system_stm32g4xx.o
                                      0xae1a5 (size before relaxing)
 .debug_str     0x00000000000b0a87       0x36 ./Core/Startup/startup_stm32g431c8tx.o
                                         0x50 (size before relaxing)
 .debug_str     0x00000000000b0abd      0xa1b ./Drivers/STM32G4xx_HAL_Driver/Src/stm32g4xx_hal.o
                                      0xaecbd (size before relaxing)
 .debug_str     0x00000000000b14d8      0x355 ./Drivers/STM32G4xx_HAL_Driver/Src/stm32g4xx_hal_cortex.o
                                      0xae968 (size before relaxing)
 .debug_str     0x00000000000b182d     0x11c5 ./Drivers/STM32G4xx_HAL_Driver/Src/stm32g4xx_hal_fdcan.o
                                      0xaf73e (size before relaxing)
 .debug_str     0x00000000000b29f2       0xff ./Drivers/STM32G4xx_HAL_Driver/Src/stm32g4xx_hal_gpio.o
                                      0xae330 (size before relaxing)
 .debug_str     0x00000000000b2af1      0x4c6 ./Drivers/STM32G4xx_HAL_Driver/Src/stm32g4xx_hal_pwr_ex.o
                                      0xae693 (size before relaxing)
 .debug_str     0x00000000000b2fb7      0x4e0 ./Drivers/STM32G4xx_HAL_Driver/Src/stm32g4xx_hal_rcc.o
                                      0xae89e (size before relaxing)
 .debug_str     0x00000000000b3497      0x41c ./Drivers/STM32G4xx_HAL_Driver/Src/stm32g4xx_hal_rcc_ex.o
                                      0xae89f (size before relaxing)

.comment        0x0000000000000000       0x50
 .comment       0x0000000000000000       0x50 ./Core/Src/CAN_Communication.o
                                         0x51 (size before relaxing)
 .comment       0x0000000000000050       0x51 ./Core/Src/DALY_communication.o
 .comment       0x0000000000000050       0x51 ./Core/Src/JLN_Phenix.o
 .comment       0x0000000000000050       0x51 ./Core/Src/STH_CAN_Simulator.o
 .comment       0x0000000000000050       0x51 ./Core/Src/TM1723_LCD.o
 .comment       0x0000000000000050       0x51 ./Core/Src/main.o
 .comment       0x0000000000000050       0x51 ./Core/Src/stm32g4xx_hal_msp.o
 .comment       0x0000000000000050       0x51 ./Core/Src/stm32g4xx_it.o
 .comment       0x0000000000000050       0x51 ./Core/Src/system_stm32g4xx.o
 .comment       0x0000000000000050       0x51 ./Drivers/STM32G4xx_HAL_Driver/Src/stm32g4xx_hal.o
 .comment       0x0000000000000050       0x51 ./Drivers/STM32G4xx_HAL_Driver/Src/stm32g4xx_hal_cortex.o
 .comment       0x0000000000000050       0x51 ./Drivers/STM32G4xx_HAL_Driver/Src/stm32g4xx_hal_fdcan.o
 .comment       0x0000000000000050       0x51 ./Drivers/STM32G4xx_HAL_Driver/Src/stm32g4xx_hal_gpio.o
 .comment       0x0000000000000050       0x51 ./Drivers/STM32G4xx_HAL_Driver/Src/stm32g4xx_hal_pwr_ex.o
 .comment       0x0000000000000050       0x51 ./Drivers/STM32G4xx_HAL_Driver/Src/stm32g4xx_hal_rcc.o
 .comment       0x0000000000000050       0x51 ./Drivers/STM32G4xx_HAL_Driver/Src/stm32g4xx_hal_rcc_ex.o

.debug_frame    0x0000000000000000     0x2538
 .debug_frame   0x0000000000000000       0x60 ./Core/Src/CAN_Communication.o
 .debug_frame   0x0000000000000060       0x38 ./Core/Src/DALY_communication.o
 .debug_frame   0x0000000000000098       0x38 ./Core/Src/JLN_Phenix.o
 .debug_frame   0x00000000000000d0       0x38 ./Core/Src/STH_CAN_Simulator.o
 .debug_frame   0x0000000000000108      0x20c ./Core/Src/TM1723_LCD.o
 .debug_frame   0x0000000000000314       0xe4 ./Core/Src/main.o
 .debug_frame   0x00000000000003f8       0x80 ./Core/Src/stm32g4xx_hal_msp.o
 .debug_frame   0x0000000000000478      0x104 ./Core/Src/stm32g4xx_it.o
 .debug_frame   0x000000000000057c       0x58 ./Core/Src/system_stm32g4xx.o
 .debug_frame   0x00000000000005d4      0x4a0 ./Drivers/STM32G4xx_HAL_Driver/Src/stm32g4xx_hal.o
 .debug_frame   0x0000000000000a74      0x498 ./Drivers/STM32G4xx_HAL_Driver/Src/stm32g4xx_hal_cortex.o
 .debug_frame   0x0000000000000f0c      0x9b0 ./Drivers/STM32G4xx_HAL_Driver/Src/stm32g4xx_hal_fdcan.o
 .debug_frame   0x00000000000018bc      0x14c ./Drivers/STM32G4xx_HAL_Driver/Src/stm32g4xx_hal_gpio.o
 .debug_frame   0x0000000000001a08      0x4fc ./Drivers/STM32G4xx_HAL_Driver/Src/stm32g4xx_hal_pwr_ex.o
 .debug_frame   0x0000000000001f04      0x23c ./Drivers/STM32G4xx_HAL_Driver/Src/stm32g4xx_hal_rcc.o
 .debug_frame   0x0000000000002140      0x2ac ./Drivers/STM32G4xx_HAL_Driver/Src/stm32g4xx_hal_rcc_ex.o
 .debug_frame   0x00000000000023ec       0x2c f:/st/stm32cubeide_1.10.1/stm32cubeide/plugins/com.st.stm32cube.ide.mcu.externaltools.gnu-tools-for-stm32.10.3-2021.10.win32_1.0.200.202301161003/tools/bin/../lib/gcc/arm-none-eabi/10.3.1/../../../../arm-none-eabi/lib/thumb/v7e-m+fp/hard\libc_nano.a(lib_a-init.o)
 .debug_frame   0x0000000000002418       0x20 f:/st/stm32cubeide_1.10.1/stm32cubeide/plugins/com.st.stm32cube.ide.mcu.externaltools.gnu-tools-for-stm32.10.3-2021.10.win32_1.0.200.202301161003/tools/bin/../lib/gcc/arm-none-eabi/10.3.1/../../../../arm-none-eabi/lib/thumb/v7e-m+fp/hard\libc_nano.a(lib_a-memset.o)
 .debug_frame   0x0000000000002438       0x30 f:/st/stm32cubeide_1.10.1/stm32cubeide/plugins/com.st.stm32cube.ide.mcu.externaltools.gnu-tools-for-stm32.10.3-2021.10.win32_1.0.200.202301161003/tools/bin/../lib/gcc/arm-none-eabi/10.3.1/thumb/v7e-m+fp/hard\libgcc.a(_arm_muldf3.o)
 .debug_frame   0x0000000000002468       0xac f:/st/stm32cubeide_1.10.1/stm32cubeide/plugins/com.st.stm32cube.ide.mcu.externaltools.gnu-tools-for-stm32.10.3-2021.10.win32_1.0.200.202301161003/tools/bin/../lib/gcc/arm-none-eabi/10.3.1/thumb/v7e-m+fp/hard\libgcc.a(_arm_addsubdf3.o)
 .debug_frame   0x0000000000002514       0x24 f:/st/stm32cubeide_1.10.1/stm32cubeide/plugins/com.st.stm32cube.ide.mcu.externaltools.gnu-tools-for-stm32.10.3-2021.10.win32_1.0.200.202301161003/tools/bin/../lib/gcc/arm-none-eabi/10.3.1/thumb/v7e-m+fp/hard\libgcc.a(_arm_fixunsdfsi.o)
